<?xml version="1.0" encoding="utf-8"?><testsuites name="pytest tests"><testsuite name="pytest" errors="0" failures="0" skipped="0" tests="14" time="0.389" timestamp="2026-06-19T11:29:47.485203+00:00" hostname="codespaces-c6fe7c"><testcase classname="tests.test_app.TestGetActivities" name="test_get_activities_returns_all_activities" time="0.004" /><testcase classname="tests.test_app.TestGetActivities" name="test_get_activities_includes_default_activities" time="0.003" /><testcase classname="tests.test_app.TestSignupForActivity" name="test_signup_success_adds_participant" time="0.006" /><testcase classname="tests.test_app.TestSignupForActivity" name="test_signup_for_nonexistent_activity_returns_404" time="0.002" /><testcase classname="tests.test_app.TestSignupForActivity" name="test_signup_duplicate_email_returns_400" time="0.004" /><testcase classname="tests.test_app.TestSignupForActivity" name="test_signup_missing_email_parameter_returns_422" time="0.002" /><testcase classname="tests.test_app.TestSignupForActivity" name="test_signup_allows_same_email_for_different_activities" time="0.007" /><testcase classname="tests.test_app.TestRemoveParticipant" name="test_remove_participant_success" time="0.006" /><testcase classname="tests.test_app.TestRemoveParticipant" name="test_remove_from_nonexistent_activity_returns_404" time="0.002" /><testcase classname="tests.test_app.TestRemoveParticipant" name="test_remove_nonexistent_participant_returns_404" time="0.002" /><testcase classname="tests.test_app.TestRemoveParticipant" name="test_remove_missing_email_parameter_returns_422" time="0.002" /><testcase classname="tests.test_app.TestRemoveParticipant" name="test_remove_then_rejoin_activity" time="0.012" /><testcase classname="tests.test_app.TestActivityIntegration" name="test_full_lifecycle_signup_and_removal" time="0.010" /><testcase classname="tests.test_app.TestActivityIntegration" name="test_activity_availability_updates_correctly" time="0.012" /></testsuite></testsuites>